Microchip MPLAB XC8 Compiler V2.32

Linker command line:

-W-3 --edf=C:\Program Files\Microchip\xc8\v2.32\pic\dat\en_msgs.txt -cn \
  -h+dist/default/production\PIC18F46K42_WS2813B_DRIVER.X.production.sym \
  --cmf=dist/default/production\PIC18F46K42_WS2813B_DRIVER.X.production.cmf \
  -z -Q18F46K42 -oC:\Users\joemd\AppData\Local\Temp\xcAs5h4.4 \
  --defsym=__MPLAB_BUILD=1 \
  -Mdist/default/production/PIC18F46K42_WS2813B_DRIVER.X.production.map -E1 \
  -ver=XC8 Compiler --acfsm=1493 -ASTACK=060h-0FFFh -pstack=STACK \
  -ACODE=00h-0FFFFh -ACONST=00h-0FFFFh -ASMALLCONST=01000h-010FFhx240 \
  -AMEDIUMCONST=01000h-0FFFFh -ACOMRAM=01h-05Fh -AABS1=00h-0FFFh \
  -ABIGRAM=01h-0FFFh -ARAM=060h-0FFh,0100h-01FFhx15 -ABANK0=060h-0FFh \
  -ABANK1=0100h-01FFh -ABANK2=0200h-02FFh -ABANK3=0300h-03FFh \
  -ABANK4=0400h-04FFh -ABANK5=0500h-05FFh -ABANK6=0600h-06FFh \
  -ABANK7=0700h-07FFh -ABANK8=0800h-08FFh -ABANK9=0900h-09FFh \
  -ABANK10=0A00h-0AFFh -ABANK11=0B00h-0BFFh -ABANK12=0C00h-0CFFh \
  -ABANK13=0D00h-0DFFh -ABANK14=0E00h-0EFFh -ABANK15=0F00h-0FFFh \
  -ASFR=03800h-038FFhx7,03F00h-03F5Fh,03F60h-03FFFh \
  -ACONFIG=0300000h-0300009h -AIDLOC=0200000h-020000Fh \
  -AEEDATA=0310000h-03103FFh -peeprom_data=EEDATA -preset_vec=00h \
  -ppowerup=CODE,init -pramtop=01000h -psmallconst=SMALLCONST \
  -pmediumconst=MEDIUMCONST -pconst=CONST -AFARRAM=00h-00h \
  -prdata=COMRAM,nvrram=COMRAM,nvbit=COMRAM,rbss=COMRAM,rbit=COMRAM \
  -pfarbss=FARRAM,fardata=FARRAM,nvFARRAM=FARRAM \
  -pintsave_regs=BIGRAM,bigbss=BIGRAM,bigdata=BIGRAM -pbss=RAM \
  -pidata=CODE,irdata=CODE,ibigdata=CODE,ifardata=CODE -prparam=COMRAM \
  C:\Users\joemd\AppData\Local\Temp\xcAs5h4.o \
  dist/default/production\PIC18F46K42_WS2813B_DRIVER.X.production.o 

Object code version is 3.11

Machine type is 18F46K42



                Name                               Link     Load   Length Selector   Space Scale
C:\Users\joemd\AppData\Local\Temp\xcAs5h4.o
                idloc                            200000   200000       10        0       5
                config                           300000   300000        A        0       4
                init                               FFFC     FFFC        4     7FFE       0
                reset_vec                             0        0        4        0       0
dist/default/production\PIC18F46K42_WS2813B_DRIVER.X.production.o
                idloc                            200000   200000       10        0       5
                config                           300000   300000        A        0       4
                smallconst                         1000     1000       1A      800       0
                text23                             1502     1502       2C      80D       0
                text22                             162E     162E       18      80D       0
                text21                             1132     1132       B4      80D       0
                text20                             157E     157E       24      80D       0
                text19                             1616     1616       18      80D       0
                text18                             15FC     15FC       1A      80D       0
                text17                             15C4     15C4       1E      80D       0
                text16                             1688     1688        A      80D       0
                text15                             167E     167E        A      80D       0
                text14                             1674     1674        A      80D       0
                text13                             13BA     13BA       68      80D       0
                text12                             15A2     15A2       22      80D       0
                text11                             1486     1486       42      80D       0
                text10                             1658     1658       12      80D       0
                text9                              14C8     14C8       3A      80D       0
                text8                              11E6     11E6       B2      80D       0
                text7                              15E2     15E2       1A      80D       0
                text6                              166A     166A        A      80D       0
                text5                              1298     1298       96      80D       0
                text4                              101A     101A      118      80D       0
                text3                              1422     1422       64      80D       0
                text2                              1558     1558       26      80D       0
                text1                              132E     132E       8C      80D       0
                text0                              152E     152E       2A      80D       0
                cstackCOMRAM                         2E       2E       23        1       1
                bssCOMRAM                             1        1       2D        1       1
                cinit                              1646     1646       12      80D       0
                nvCOMRAM                             51       51        6        1       1

TOTAL           Name                               Link     Load   Length     Space
        CLASS   STACK          

        CLASS   CODE           
                init                               FFFC     FFFC        4         0
                reset_vec                             0        0        4         0
                text23                             1502     1502       2C         0
                text22                             162E     162E       18         0
                text21                             1132     1132       B4         0
                text20                             157E     157E       24         0
                text19                             1616     1616       18         0
                text18                             15FC     15FC       1A         0
                text17                             15C4     15C4       1E         0
                text16                             1688     1688        A         0
                text15                             167E     167E        A         0
                text14                             1674     1674        A         0
                text13                             13BA     13BA       68         0
                text12                             15A2     15A2       22         0
                text11                             1486     1486       42         0
                text10                             1658     1658       12         0
                text9                              14C8     14C8       3A         0
                text8                              11E6     11E6       B2         0
                text7                              15E2     15E2       1A         0
                text6                              166A     166A        A         0
                text5                              1298     1298       96         0
                text4                              101A     101A      118         0
                text3                              1422     1422       64         0
                text2                              1558     1558       26         0
                text1                              132E     132E       8C         0
                text0                              152E     152E       2A         0
                cinit                              1646     1646       12         0

        CLASS   CONST          

        CLASS   SMALLCONST     
                smallconst                         1000     1000       1A         0

        CLASS   MEDIUMCONST    

        CLASS   COMRAM         
                cstackCOMRAM                         2E       2E       23         1
                bssCOMRAM                             1        1       2D         1
                nvCOMRAM                             51       51        6         1

        CLASS   ABS1           

        CLASS   BIGRAM         

        CLASS   RAM            

        CLASS   BANK0          

        CLASS   BANK1          

        CLASS   BANK2          

        CLASS   BANK3          

        CLASS   BANK4          

        CLASS   BANK5          

        CLASS   BANK6          

        CLASS   BANK7          

        CLASS   BANK8          

        CLASS   BANK9          

        CLASS   BANK10         

        CLASS   BANK11         

        CLASS   BANK12         

        CLASS   BANK13         

        CLASS   BANK14         

        CLASS   BANK15         

        CLASS   SFR            

        CLASS   CONFIG         
                config                           300000   300000        A         4

        CLASS   IDLOC          
                idloc                            200000   200000       10         5

        CLASS   EEDATA         

        CLASS   FARRAM         



SEGMENTS        Name                           Load    Length   Top    Selector   Space  Class

                reset_vec                      000000  000004  000004         0       0  CODE    
                bssCOMRAM                      000001  000056  000057         1       1  COMRAM  
                smallconst                     001000  00001A  00101A       800       0  SMALLCON
                text4                          00101A  000678  001692       80D       0  CODE    
                init                           00FFFC  000004  010000      7FFE       0  CODE    


UNUSED ADDRESS RANGES

        Name                Unused          Largest block    Delta
        BANK0            000060-0000FF               A0
        BANK1            000100-0001FF              100
        BANK10           000A00-000AFF              100
        BANK11           000B00-000BFF              100
        BANK12           000C00-000CFF              100
        BANK13           000D00-000DFF              100
        BANK14           000E00-000EFF              100
        BANK15           000F00-000FFF              100
        BANK2            000200-0002FF              100
        BANK3            000300-0003FF              100
        BANK4            000400-0004FF              100
        BANK5            000500-0005FF              100
        BANK6            000600-0006FF              100
        BANK7            000700-0007FF              100
        BANK8            000800-0008FF              100
        BANK9            000900-0009FF              100
        BIGRAM           000057-000FFF              FA9
        CODE             000004-000FFF              FFC
                         001692-00FFFB             E96A
        COMRAM           000057-00005F                9
        CONST            000004-000FFF              FFC
                         001692-00FFFB             E96A
        EEDATA           310000-3103FF              400
        MEDIUMCONST      001692-00FFFB             E96A
        RAM              000060-000FFF              100
        SFR              003800-003FFF              100
        SMALLCONST       001692-00FFFB              100
        STACK            000060-000FFF              FA0

                                  Symbol Table

?_printf                                      cstackCOMRAM 000047
?_vfpfcnvrt                                   cstackCOMRAM 000039
?_vfprintf                                    cstackCOMRAM 00003F
UART1_SetErrorHandler@interruptHandler        cstackCOMRAM 00002E
UART1_SetFramingErrorHandler@interruptHandler cstackCOMRAM 00002E
UART1_SetOverrunErrorHandler@interruptHandler cstackCOMRAM 00002E
UART1_Write@txData                            cstackCOMRAM 00002E
_ANSELA                                       (abs)        003A40
_ANSELB                                       (abs)        003A50
_ANSELC                                       (abs)        003A60
_ANSELD                                       (abs)        003A70
_ANSELE                                       (abs)        003A80
_CCPTMRS1bits                                 (abs)        003F5F
_CLC3CON                                      (abs)        003C60
_CLC3CONbits                                  (abs)        003C60
_CLC3GLS0                                     (abs)        003C66
_CLC3GLS1                                     (abs)        003C67
_CLC3GLS2                                     (abs)        003C68
_CLC3GLS3                                     (abs)        003C69
_CLC3POL                                      (abs)        003C61
_CLC3SEL0                                     (abs)        003C62
_CLC3SEL1                                     (abs)        003C63
_CLC3SEL2                                     (abs)        003C64
_CLC3SEL3                                     (abs)        003C65
_CLC3_Initialize                              text23       001502
_CLCIN0PPS                                    (abs)        003AD9
_INLVLA                                       (abs)        003A44
_INLVLB                                       (abs)        003A54
_INLVLC                                       (abs)        003A64
_INLVLD                                       (abs)        003A74
_INLVLE                                       (abs)        003A84
_LATA                                         (abs)        003FBA
_LATB                                         (abs)        003FBB
_LATC                                         (abs)        003FBC
_LATCbits                                     (abs)        003FBC
_LATD                                         (abs)        003FBD
_LATE                                         (abs)        003FBE
_ODCONA                                       (abs)        003A42
_ODCONB                                       (abs)        003A52
_ODCONC                                       (abs)        003A62
_ODCOND                                       (abs)        003A72
_ODCONE                                       (abs)        003A82
_OSCCON1                                      (abs)        0039D9
_OSCCON3                                      (abs)        0039DB
_OSCEN                                        (abs)        0039DD
_OSCFRQ                                       (abs)        0039DF
_OSCILLATOR_Initialize                        text22       00162E
_OSCTUNE                                      (abs)        0039DE
_PIN_MANAGER_Initialize                       text21       001132
_PIR2bits                                     (abs)        0039A2
_PIR3bits                                     (abs)        0039A3
_PIR4bits                                     (abs)        0039A4
_PMD0                                         (abs)        0039C0
_PMD1                                         (abs)        0039C1
_PMD2                                         (abs)        0039C2
_PMD3                                         (abs)        0039C3
_PMD4                                         (abs)        0039C4
_PMD5                                         (abs)        0039C5
_PMD6                                         (abs)        0039C6
_PMD7                                         (abs)        0039C7
_PMD_Initialize                               text20       00157E
_PR2                                          (abs)        003FAB
_PWM5CON                                      (abs)        003F6E
_PWM5DCH                                      (abs)        003F6D
_PWM5DCL                                      (abs)        003F6C
_PWM5_Initialize                              text19       001616
_RB1I2C                                       (abs)        003A5A
_RB1PPS                                       (abs)        003A09
_RB2I2C                                       (abs)        003A5B
_RC2PPS                                       (abs)        003A12
_RC3I2C                                       (abs)        003A6A
_RC3PPS                                       (abs)        003A13
_RC4I2C                                       (abs)        003A6B
_RC6PPS                                       (abs)        003A16
_RD0I2C                                       (abs)        003A7A
_RD1I2C                                       (abs)        003A7B
_SLRCONA                                      (abs)        003A43
_SLRCONB                                      (abs)        003A53
_SLRCONC                                      (abs)        003A63
_SLRCOND                                      (abs)        003A73
_SLRCONE                                      (abs)        003A83
_SPI1BAUD                                     (abs)        003D19
_SPI1CLK                                      (abs)        003D1C
_SPI1CON0                                     (abs)        003D14
_SPI1CON0bits                                 (abs)        003D14
_SPI1CON1                                     (abs)        003D15
_SPI1CON2                                     (abs)        003D16
_SPI1CON2bits                                 (abs)        003D16
_SPI1INTFbits                                 (abs)        003D1A
_SPI1RXB                                      (abs)        003D10
_SPI1SCKPPS                                   (abs)        003ADE
_SPI1SDIPPS                                   (abs)        003ADF
_SPI1STATUSbits                               (abs)        003D17
_SPI1TCNT                                     (abs)        003D12
_SPI1TCNTL                                    (abs)        003D12
_SPI1TXB                                      (abs)        003D11
_SPI1_Initialize                              text18       0015FC
_SYSTEM_Initialize                            text12       0015A2
_T2CLKCON                                     (abs)        003FAE
_T2CON                                        (abs)        003FAC
_T2CONbits                                    (abs)        003FAC
_T2HLT                                        (abs)        003FAD
_T2HLTbits                                    (abs)        003FAD
_T2PR                                         (abs)        003FAB
_T2RST                                        (abs)        003FAF
_T2RSTbits                                    (abs)        003FAF
_T2TMR                                        (abs)        003FAA
_TMR2                                         (abs)        003FAA
_TMR2_Initialize                              text17       0015C4
_TRISA                                        (abs)        003FC2
_TRISB                                        (abs)        003FC3
_TRISC                                        (abs)        003FC4
_TRISCbits                                    (abs)        003FC4
_TRISD                                        (abs)        003FC5
_TRISE                                        (abs)        003FC6
_U1BRGH                                       (abs)        003DF6
_U1BRGL                                       (abs)        003DF5
_U1CON0                                       (abs)        003DF2
_U1CON0bits                                   (abs)        003DF2
_U1CON1                                       (abs)        003DF3
_U1CON2                                       (abs)        003DF4
_U1ERRIE                                      (abs)        003DFA
_U1ERRIR                                      (abs)        003DF9
_U1ERRIRbits                                  (abs)        003DF9
_U1FIFO                                       (abs)        003DF7
_U1P1H                                        (abs)        003DED
_U1P1L                                        (abs)        003DEC
_U1P2H                                        (abs)        003DEF
_U1P2L                                        (abs)        003DEE
_U1P3H                                        (abs)        003DF1
_U1P3L                                        (abs)        003DF0
_U1RXB                                        (abs)        003DE8
_U1RXPPS                                      (abs)        003AE5
_U1TXB                                        (abs)        003DEA
_U1UIR                                        (abs)        003DF8
_UART1_DefaultErrorHandler                    (abs)        000000
_UART1_DefaultFramingErrorHandler             (abs)        000000
_UART1_DefaultOverrunErrorHandler             (abs)        000000
_UART1_ErrorHandler                           nvCOMRAM     000051
_UART1_FramingErrorHandler                    nvCOMRAM     000055
_UART1_Initialize                             text13       0013BA
_UART1_OverrunErrorHandler                    nvCOMRAM     000053
_UART1_SetErrorHandler                        text16       001688
_UART1_SetFramingErrorHandler                 text15       00167E
_UART1_SetOverrunErrorHandler                 text14       001674
_UART1_Write                                  text7        0015E2
_WPUA                                         (abs)        003A41
_WPUB                                         (abs)        003A51
_WPUC                                         (abs)        003A61
_WPUD                                         (abs)        003A71
_WPUE                                         (abs)        003A81
__HRAM                                        (abs)        000000
__Habs1                                       abs1         000000
__Hbank0                                      bank0        000000
__Hbank1                                      bank1        000000
__Hbank10                                     bank10       000000
__Hbank11                                     bank11       000000
__Hbank12                                     bank12       000000
__Hbank13                                     bank13       000000
__Hbank14                                     bank14       000000
__Hbank15                                     bank15       000000
__Hbank2                                      bank2        000000
__Hbank3                                      bank3        000000
__Hbank4                                      bank4        000000
__Hbank5                                      bank5        000000
__Hbank6                                      bank6        000000
__Hbank7                                      bank7        000000
__Hbank8                                      bank8        000000
__Hbank9                                      bank9        000000
__Hbigbss                                     bigbss       000000
__Hbigdata                                    bigdata      000000
__Hbigram                                     bigram       000000
__Hbss                                        bss          000000
__HbssCOMRAM                                  bssCOMRAM    000000
__Hcinit                                      cinit        000000
__Hclrtext                                    clrtext      000000
__Hcomram                                     comram       000000
__Hconfig                                     config       30000A
__Hconst                                      const        000000
__HcstackCOMRAM                               cstackCOMRAM 000000
__Hdata                                       data         000000
__Heeprom_data                                eeprom_data  000000
__Hfarbss                                     farbss       000000
__Hfardata                                    fardata      000000
__Hibigdata                                   ibigdata     000000
__Hidata                                      idata        000000
__Hidloc                                      idloc        200010
__Hifardata                                   ifardata     000000
__Hinit                                       init         010000
__Hintsave_regs                               intsave_regs 000000
__Hirdata                                     irdata       000000
__Hmediumconst                                mediumconst  000000
__HnvCOMRAM                                   nvCOMRAM     000000
__HnvFARRAM                                   nvFARRAM     000000
__Hnvbit                                      nvbit        000000
__Hnvrram                                     nvrram       000000
__Hparam                                      rparam       000000
__Hpowerup                                    powerup      000000
__Hram                                        ram          000000
__Hramtop                                     ramtop       001000
__Hrbit                                       rbit         000000
__Hrbss                                       rbss         000000
__Hrdata                                      rdata        000000
__Hreset_vec                                  reset_vec    000004
__Hrparam                                     rparam       000000
__Hsfr                                        sfr          000000
__Hsmallconst                                 smallconst   00101A
__Hspace_0                                    (abs)        010000
__Hspace_1                                    (abs)        000057
__Hspace_2                                    (abs)        000000
__Hspace_4                                    (abs)        60000A
__Hstack                                      stack        000000
__Hstruct                                     struct       000000
__Htemp                                       temp         000000
__Htext                                       text         000000
__Htext0                                      text0        000000
__Htext1                                      text1        000000
__Htext10                                     text10       000000
__Htext11                                     text11       000000
__Htext12                                     text12       000000
__Htext13                                     text13       000000
__Htext14                                     text14       000000
__Htext15                                     text15       000000
__Htext16                                     text16       000000
__Htext17                                     text17       000000
__Htext18                                     text18       000000
__Htext19                                     text19       000000
__Htext2                                      text2        000000
__Htext20                                     text20       000000
__Htext21                                     text21       000000
__Htext22                                     text22       000000
__Htext23                                     text23       000000
__Htext3                                      text3        000000
__Htext4                                      text4        000000
__Htext5                                      text5        000000
__Htext6                                      text6        000000
__Htext7                                      text7        000000
__Htext8                                      text8        000000
__Htext9                                      text9        000000
__LRAM                                        (abs)        000001
__Labs1                                       abs1         000000
__Lbank0                                      bank0        000000
__Lbank1                                      bank1        000000
__Lbank10                                     bank10       000000
__Lbank11                                     bank11       000000
__Lbank12                                     bank12       000000
__Lbank13                                     bank13       000000
__Lbank14                                     bank14       000000
__Lbank15                                     bank15       000000
__Lbank2                                      bank2        000000
__Lbank3                                      bank3        000000
__Lbank4                                      bank4        000000
__Lbank5                                      bank5        000000
__Lbank6                                      bank6        000000
__Lbank7                                      bank7        000000
__Lbank8                                      bank8        000000
__Lbank9                                      bank9        000000
__Lbigbss                                     bigbss       000000
__Lbigdata                                    bigdata      000000
__Lbigram                                     bigram       000000
__Lbss                                        bss          000000
__LbssCOMRAM                                  bssCOMRAM    000000
__Lcinit                                      cinit        000000
__Lclrtext                                    clrtext      000000
__Lcomram                                     comram       000000
__Lconfig                                     config       000000
__Lconst                                      const        000000
__LcstackCOMRAM                               cstackCOMRAM 000000
__Ldata                                       data         000000
__Leeprom_data                                eeprom_data  000000
__Lfarbss                                     farbss       000000
__Lfardata                                    fardata      000000
__Libigdata                                   ibigdata     000000
__Lidata                                      idata        000000
__Lidloc                                      idloc        000000
__Lifardata                                   ifardata     000000
__Linit                                       init         00FFFC
__Lintsave_regs                               intsave_regs 000000
__Lirdata                                     irdata       000000
__Lmediumconst                                mediumconst  000000
__LnvCOMRAM                                   nvCOMRAM     000000
__LnvFARRAM                                   nvFARRAM     000000
__Lnvbit                                      nvbit        000000
__Lnvrram                                     nvrram       000000
__Lparam                                      rparam       000000
__Lpowerup                                    powerup      000000
__Lram                                        ram          000000
__Lramtop                                     ramtop       001000
__Lrbit                                       rbit         000000
__Lrbss                                       rbss         000000
__Lrdata                                      rdata        000000
__Lreset_vec                                  reset_vec    000000
__Lrparam                                     rparam       000000
__Lsfr                                        sfr          000000
__Lsmallconst                                 smallconst   001000
__Lspace_0                                    (abs)        000000
__Lspace_1                                    (abs)        000000
__Lspace_2                                    (abs)        000000
__Lspace_4                                    (abs)        000000
__Lstack                                      stack        000000
__Lstruct                                     struct       000000
__Ltemp                                       temp         000000
__Ltext                                       text         000000
__Ltext0                                      text0        000000
__Ltext1                                      text1        000000
__Ltext10                                     text10       000000
__Ltext11                                     text11       000000
__Ltext12                                     text12       000000
__Ltext13                                     text13       000000
__Ltext14                                     text14       000000
__Ltext15                                     text15       000000
__Ltext16                                     text16       000000
__Ltext17                                     text17       000000
__Ltext18                                     text18       000000
__Ltext19                                     text19       000000
__Ltext2                                      text2        000000
__Ltext20                                     text20       000000
__Ltext21                                     text21       000000
__Ltext22                                     text22       000000
__Ltext23                                     text23       000000
__Ltext3                                      text3        000000
__Ltext4                                      text4        000000
__Ltext5                                      text5        000000
__Ltext6                                      text6        000000
__Ltext7                                      text7        000000
__Ltext8                                      text8        000000
__Ltext9                                      text9        000000
__S0                                          (abs)        010000
__S1                                          (abs)        000057
__S2                                          (abs)        000000
__S4                                          (abs)        000000
__S5                                          (abs)        000000
___inthi_sp                                   stack        000000
___intlo_sp                                   stack        000000
___param_bank                                 (abs)        000000
___rparam_used                                (abs)        000001
___sp                                         stack        000000
__accesstop                                   (abs)        000060
__activetblptr                                (abs)        000003
__end_of_CLC3_Initialize                      text23       00152E
__end_of_OSCILLATOR_Initialize                text22       001646
__end_of_PIN_MANAGER_Initialize               text21       0011E6
__end_of_PMD_Initialize                       text20       0015A2
__end_of_PWM5_Initialize                      text19       00162E
__end_of_SPI1_Initialize                      text18       001616
__end_of_SYSTEM_Initialize                    text12       0015C4
__end_of_TMR2_Initialize                      text17       0015E2
__end_of_UART1_Initialize                     text13       001422
__end_of_UART1_SetErrorHandler                text16       001692
__end_of_UART1_SetFramingErrorHandler         text15       001688
__end_of_UART1_SetOverrunErrorHandler         text14       00167E
__end_of_UART1_Write                          text7        0015FC
__end_of__initialization                      cinit        001652
__end_of_fputc                                text5        00132E
__end_of_main                                 text0        001558
__end_of_myLEDArray                           text11       0014C8
__end_of_myLEDClear                           text9        001502
__end_of_myLEDReset                           text10       00166A
__end_of_myLEDSnake                           text8        001298
__end_of_my_app                               text1        0013BA
__end_of_printf                               text2        00157E
__end_of_putch                                text6        001674
__end_of_spi1_configuration                   smallconst   001006
__end_of_vfpfcnvrt                            text4        001132
__end_of_vfprintf                             text3        001486
__initialization                              cinit        001646
__mediumconst                                 mediumconst  000000
__pbssCOMRAM                                  bssCOMRAM    000001
__pcinit                                      cinit        001646
__pcstackCOMRAM                               cstackCOMRAM 00002E
__pnvCOMRAM                                   nvCOMRAM     000051
__psmallconst                                 smallconst   001000
__ptext0                                      text0        00152E
__ptext1                                      text1        00132E
__ptext10                                     text10       001658
__ptext11                                     text11       001486
__ptext12                                     text12       0015A2
__ptext13                                     text13       0013BA
__ptext14                                     text14       001674
__ptext15                                     text15       00167E
__ptext16                                     text16       001688
__ptext17                                     text17       0015C4
__ptext18                                     text18       0015FC
__ptext19                                     text19       001616
__ptext2                                      text2        001558
__ptext20                                     text20       00157E
__ptext21                                     text21       001132
__ptext22                                     text22       00162E
__ptext23                                     text23       001502
__ptext3                                      text3        001422
__ptext4                                      text4        00101A
__ptext5                                      text5        001298
__ptext6                                      text6        00166A
__ptext7                                      text7        0015E2
__ptext8                                      text8        0011E6
__ptext9                                      text9        0014C8
__ramtop                                      ramtop       001000
__size_of_CLC3_Initialize                     (abs)        000000
__size_of_OSCILLATOR_Initialize               (abs)        000000
__size_of_PIN_MANAGER_Initialize              (abs)        000000
__size_of_PMD_Initialize                      (abs)        000000
__size_of_PWM5_Initialize                     (abs)        000000
__size_of_SPI1_Initialize                     (abs)        000000
__size_of_SYSTEM_Initialize                   (abs)        000000
__size_of_TMR2_Initialize                     (abs)        000000
__size_of_UART1_Initialize                    (abs)        000000
__size_of_UART1_SetErrorHandler               (abs)        000000
__size_of_UART1_SetFramingErrorHandler        (abs)        000000
__size_of_UART1_SetOverrunErrorHandler        (abs)        000000
__size_of_UART1_Write                         (abs)        000000
__size_of_fputc                               (abs)        000000
__size_of_main                                (abs)        000000
__size_of_myLEDArray                          (abs)        000000
__size_of_myLEDClear                          (abs)        000000
__size_of_myLEDReset                          (abs)        000000
__size_of_myLEDSnake                          (abs)        000000
__size_of_my_app                              (abs)        000000
__size_of_printf                              (abs)        000000
__size_of_putch                               (abs)        000000
__size_of_vfpfcnvrt                           (abs)        000000
__size_of_vfprintf                            (abs)        000000
__smallconst                                  smallconst   001000
_app_state                                    bssCOMRAM    000021
_flags                                        bssCOMRAM    00002B
_fputc                                        text5        001298
_main                                         text0        00152E
_myLEDArray                                   text11       001486
_myLEDClear                                   text9        0014C8
_myLEDReset                                   text10       001658
_myLEDSnake                                   text8        0011E6
_my_app                                       text1        00132E
_nout                                         bssCOMRAM    000025
_prec                                         bssCOMRAM    000029
_printf                                       text2        001558
_putch                                        text6        00166A
_spi1_configuration                           smallconst   001001
_uart1RxLastError                             bssCOMRAM    00002D
_vfpfcnvrt                                    text4        00101A
_vfprintf                                     text3        001422
_width                                        bssCOMRAM    000027
end_of_initialization                         cinit        001652
fputc@c                                       cstackCOMRAM 000030
fputc@fp                                      cstackCOMRAM 000032
intlevel0                                     text         000000
intlevel1                                     text         000000
intlevel2                                     text         000000
intlevel3                                     text         000000
isa$std                                       (abs)        000001
isa$xinst                                     (abs)        000000
myLEDArray@b                                  cstackCOMRAM 00002F
myLEDArray@g                                  cstackCOMRAM 00002E
myLEDArray@r                                  cstackCOMRAM 000030
myLEDClear@i                                  cstackCOMRAM 000033
myLEDClear@led_count                          cstackCOMRAM 000031
myLEDSnake@i                                  cstackCOMRAM 000037
myLEDSnake@j                                  cstackCOMRAM 000035
myLEDSnake@led_count                          cstackCOMRAM 000031
my_app@i                                      cstackCOMRAM 00004F
my_app@j                                      cstackCOMRAM 00004D
printf@ap                                     cstackCOMRAM 000049
printf@fmt                                    cstackCOMRAM 000047
putch@txData                                  cstackCOMRAM 00002F
stackhi                                       (abs)        000FFF
stacklo                                       (abs)        000060
start                                         init         00FFFC
start_initialization                          cinit        001646
vfpfcnvrt@ap                                  cstackCOMRAM 00003D
vfpfcnvrt@fmt                                 cstackCOMRAM 00003B
vfpfcnvrt@fp                                  cstackCOMRAM 000039
vfprintf@ap                                   cstackCOMRAM 000043
vfprintf@cfmt                                 cstackCOMRAM 000045
vfprintf@fmt                                  cstackCOMRAM 000041
vfprintf@fp                                   cstackCOMRAM 00003F


MODULE INFORMATION

Module		Function		Class		Link	Load	Size
C:\Program Files\Microchip\xc8\v2.32\pic\sources\c99\common\doprnt.c
		_vfpfcnvrt     		CODE           	101A	0000	280
		_vfprintf      		CODE           	1422	0000	100

C:\Program Files\Microchip\xc8\v2.32\pic\sources\c99\common\doprnt.c estimated size: 380

mcc_generated_files/tmr2.c
		_TMR2_Initialize		CODE           	15C4	0000	30

mcc_generated_files/tmr2.c estimated size: 30

mcc_generated_files/pin_manager.c
		_PIN_MANAGER_Initialize		CODE           	1132	0000	180

mcc_generated_files/pin_manager.c estimated size: 180

mcc_generated_files/spi1.c
		_SPI1_Initialize		CODE           	15FC	0000	26

mcc_generated_files/spi1.c estimated size: 26

mcc_generated_files/uart1.c
		_UART1_Write   		CODE           	15E2	0000	26
		_putch         		CODE           	166A	0000	10
		_UART1_SetFramingErrorHandler		CODE           	167E	0000	10
		_UART1_SetOverrunErrorHandler		CODE           	1674	0000	10
		_UART1_Initialize		CODE           	13BA	0000	104
		_UART1_SetErrorHandler		CODE           	1688	0000	10

mcc_generated_files/uart1.c estimated size: 170

shared
		__initialization		CODE           	1646	0000	12
		_spi1_configuration		SMALLCONST     	1001	0000	5

shared estimated size: 17

mcc_generated_files/pwm5.c
		_PWM5_Initialize		CODE           	1616	0000	24

mcc_generated_files/pwm5.c estimated size: 24

mcc_generated_files/mcc.c
		_PMD_Initialize		CODE           	157E	0000	36
		_OSCILLATOR_Initialize		CODE           	162E	0000	24
		_SYSTEM_Initialize		CODE           	15A2	0000	34

mcc_generated_files/mcc.c estimated size: 94

C:\Program Files\Microchip\xc8\v2.32\pic\sources\c99\common\printf.c
		_printf        		CODE           	1558	0000	38

C:\Program Files\Microchip\xc8\v2.32\pic\sources\c99\common\printf.c estimated size: 38

C:\Program Files\Microchip\xc8\v2.32\pic\sources\c99\common\nf_fputc.c
		_fputc         		CODE           	1298	0000	150

C:\Program Files\Microchip\xc8\v2.32\pic\sources\c99\common\nf_fputc.c estimated size: 150

main.c
		_main          		CODE           	152E	0000	42

main.c estimated size: 42

D:/Desktop/WS2813B - PIC18F45K50/PIC18F46K42_WS2813B_DRIVER.X/app.c
		_my_app        		CODE           	132E	0000	140
		_myLEDClear    		CODE           	14C8	0000	58
		_myLEDReset    		CODE           	1658	0000	18
		_myLEDArray    		CODE           	1486	0000	66
		_myLEDSnake    		CODE           	11E6	0000	178

D:/Desktop/WS2813B - PIC18F45K50/PIC18F46K42_WS2813B_DRIVER.X/app.c estimated size: 460

mcc_generated_files/clc3.c
		_CLC3_Initialize		CODE           	1502	0000	44

mcc_generated_files/clc3.c estimated size: 44

